****************************************
Report : Averaged Power
Design : fft_top
Version: V-2023.12-SP2
Date   : Wed Jul 30 00:23:23 2025
****************************************



  Attributes
  ----------
      i  -  Including register clock pin internal power
      u  -  User defined power group

                        Internal  Switching  Leakage    Total
Power Group             Power     Power      Power      Power   (     %)  Attrs
--------------------------------------------------------------------------------
clock_network           3.876e-03    0.0000    0.0000 3.876e-03 (96.55%)  i
register                1.634e-05 8.944e-06 8.099e-09 2.529e-05 ( 0.63%)  
combinational           4.533e-05 6.797e-05 1.194e-08 1.133e-04 ( 2.82%)  
sequential                 0.0000    0.0000    0.0000    0.0000 ( 0.00%)  
memory                     0.0000    0.0000    0.0000    0.0000 ( 0.00%)  
io_pad                     0.0000    0.0000    0.0000    0.0000 ( 0.00%)  
black_box                  0.0000    0.0000    0.0000    0.0000 ( 0.00%)  

  Net Switching Power  = 7.692e-05   ( 1.92%)
  Cell Internal Power  = 3.937e-03   (98.08%)
  Cell Leakage Power   = 2.004e-08   ( 0.00%)
                         ---------
Total Power            = 4.014e-03  (100.00%)

1
