#@ # 
#@ # Running fm_shell Version V-2023.12-SP5 for linux64 -- Jul  3, 2024
#@ # Date:   Tue Jul 22 10:15:37 2025
#@ # Run by: user10@vlsilab
#@ 

source /home/vlsi_lab/synopsys/fm/V-2023.12-SP5/admin/setup/.synopsys_fm.setup
#@ # -- Starting source /home/vlsi_lab/synopsys/fm/V-2023.12-SP5/admin/setup/.synopsys_fm.setup

#@ #
#@ # .synopsys_fm.setup: Initialization File for Formality
#@ #
#@ 
#@ 
#@ #
#@ # Enable stack trace output on fatal.  Not available for all architectures.
#@ #
#@ if { $sh_arch == "sparc" || $sh_arch == "sparcOS5" || \
#@      $sh_arch == "hp700" || $sh_arch == "hpux10" } {
#@   set_unix_variable SYNOPSYS_TRACE ""
#@ }
#@ 
#@ #
#@ # Variable settings
#@ #
#@ set sh_new_variable_message true
#@ 
#@ #
#@ # Synopsys strongly recommends that you uncomment the following command
#@ # in order to set sh_command_abbrev_mode to the value "Command-Line-Only".
#@ # Command abbreviation is intended as an interactive convenience.  Using
#@ # abbreviations in scripts can cause commands to fail in subsequent releases.
#@ # 
#@ #set sh_command_abbrev_mode "Command-Line-Only"
#@ 
#@ #
#@ # Some useful aliases
#@ #
#@ alias list_commands		help
#@ 
#@ #
#@ # The alias of q to quit is commented out.  Remove the comment 
#@ # character if you want this alias.  Some users find that having 
#@ # this particular alias causes problems when mixed with page-mode
#@ # for reports - an accidental repeated 'q' not only cancels the
#@ # output but exits the tool.
#@ #
#@ #alias q quit
#@ # -- End source /home/vlsi_lab/synopsys/fm/V-2023.12-SP5/admin/setup/.synopsys_fm.setup

ls
# Create reports directory if it doesn't exist
file mkdir reports
file mkdir outputs
ls
# 1. Read SVF from DC (use the correct path)
set_svf -input ../dc/default.svf
# 1. Read SVF from DC (correct syntax)
set_svf ../dc/default.svf
# Set top module
set_top fft_top
# Read original RTL (Golden) - MUST be done before set_top
read_verilog -golden ../rtl/modules/fft_ctrl_sm.v
read_verilog -golden ../rtl/modules/butterfly.v
read_verilog -golden ../rtl/modules/w_lut.v
read_verilog -golden ../rtl/modules/mem_32x16.v
read_verilog -golden ../rtl/modules/read_addr_lut.v
read_verilog -golden ../rtl/fft_top.v
# Read original RTL (Reference design) - MUST be done before set_top
read_verilog -r ../rtl/modules/fft_ctrl_sm.v
read_verilog -r ../rtl/modules/butterfly.v
read_verilog -r ../rtl/modules/w_lut.v
read_verilog -r ../rtl/modules/mem_32x16.v
read_verilog -r ../rtl/modules/read_addr_lut.v
read_verilog -r ../rtl/fft_top.v
# Read synthesized netlist (Implementation design)
read_verilog -i ../netlists/fft_netlist.v
# Set top module for reference design
set_top fft_top -r
help set_top
help (set_top)
# Set top module for reference design
set_reference_design fft_top
# Read synthesized netlist (Implementation design)
read_verilog -i ../netlists/fft_netlist.v
help set_*
# Read synthesized netlist (Implementation design)
read_verilog -i ../netlists/fft_netlist.v
set_top fft_top
# Read synthesized netlist (Implementation design)
read_verilog -i ../netlists/fft_netlist.v
set_top fft_top
# Set implementation design
set_implementation_design fft_top
set_top fft_top
read_db ../libs/sky130_fd_sc_hd/sky130_fd_sc_hd__tt_025C_1v80.db
set_top fft_top
# Match points (equivalence points)
match
verify
# Report
report_verification > reports/formality_verification_summary.rpt
report_status > reports/formality_status.rpt
report_matching > reports/formality_matching.rpt
report_failing_points > reports/formality_failing_points.rpt
report_summary > reports/formality_summary.rpt
write_formality_report -output reports/formality_report.rpt
help report*
# Generate comprehensive reports
report_status > reports/formality_status.rpt
report_setup_status > reports/formality_setup_status.rpt
report_matched_points > reports/formality_matched_points.rpt
report_failing_points > reports/formality_failing_points.rpt
report_passing_points > reports/formality_passing_points.rpt
report_unmatched_points > reports/formality_unmatched_points.rpt
ls reports/
start_gui
set cdf_gen_file 17319.fm.cdf;
source /home/vlsi_lab/synopsys/fm/V-2023.12-SP5/auxx/gui/fm/.convertFmCmd2Tcl.tcl
#@ # -- Starting source /home/vlsi_lab/synopsys/fm/V-2023.12-SP5/auxx/gui/fm/.convertFmCmd2Tcl.tcl

#@ 
#@ ##--- Final output command definition file for "Formality Commands"
#@ 
#@ ## Guard
#@ if {![info exists cdf_gen_file]} {
#@   echo "Error: fm_shell cannot generate cdf file. Check if GUI version is compatible.";
#@ }
#@ set ::fmcdf    $cdf_gen_file
#@ 
#@ set ::fmgroup "Formality Commands"
#@ set ::gpFile $::fmcdf.gpfile
#@ 
#@ # Get all groups
#@ set result [help -groups > $::gpFile]
#@ set fp [open $::gpFile r]
#@ set ::gp_file_data [read $fp]
#@ close $fp
#@ 
#@ ##-! Get each command
#@ proc get_command_def _cmd {
#@    set cmd [string trim $_cmd]
#@    if { [string compare $cmd ""] != 0 } {
#@       if { [string compare $cmd "_version"] != 0 } {
#@          if { [string compare -length 4 $cmd "gui_"] != 0 } {
#@             #echo "Definiton: $cmd"
#@             set defn [get_defined_commands -details $cmd]
#@             set defn [regsub -all \n $defn ""]
#@             #echo defn=$defn
#@             puts  $::allCmds $defn
#@          }
#@       }
#@    }
#@ }
#@ 
#@ ##-! Generate cmds for a group
#@ proc get_command_from_gp _group {
#@    set group [string trim $_group]
#@    set gcmdfile $::fmcdf.$group
#@ 
#@    ##========== or use redirect $gcmdfile {help "$group"}
#@    set cresult [help "$group" > $gcmdfile]
#@ 
#@    ##==========
#@    set pfi [open $gcmdfile "r"]
#@    while {1 == 1} {
#@     set cnt [gets $pfi row]
#@     if {$cnt < 0} {break} ; ## Check if eof
#@     set word [lindex [split $row "#"] 0]  ; # find_compare_points # comments...
#@     #puts $allCmds $word
#@     # strip header
#@     set header "$group: "
#@     if { $word != $header } {
#@         get_command_def $word
#@     }
#@    }
#@    close $pfi
#@    ##==========
#@ 
#@    # Clean up
#@    file delete -force  $gcmdfile
#@ }
#@ 
#@ #-!  Process data file
#@ #================================
#@ set ::allCmds [open $::fmcdf "w"]
#@ set gp [split $::gp_file_data "\n"]
#@ foreach group $gp {
#@      # do some line processing here
#@     if { $group == $::fmgroup } {
#@        # echo *** Generate cmd from group \"$group\"
#@        get_command_from_gp $group
#@     } else {
#@        # echo Other cmd group $group
#@     }
#@ }
#@ close $::allCmds
#@ file delete -force  $::gpFile
#@ # -- End source /home/vlsi_lab/synopsys/fm/V-2023.12-SP5/auxx/gui/fm/.convertFmCmd2Tcl.tcl

exit
