****************************************
Report : design
Design : fft_top
Version: V-2023.12-SP5-2
Date   : Tue Jul 29 20:41:45 2025
****************************************

Total number of std cells in library : 428
Total number of dont_use lib cells   : 0
Total number of dont_touch lib cells : 0
Total number of buffers              : 42
Total number of inverters            : 21
Total number of flip-flops           : 45
Total number of latches              : 18
Total number of ICGs                 : 6

Cell Instance Type  Count         Area
--------------------------------------
TOTAL LEAF CELLS     5885    58902.742
unit                 5885    58902.742
Standard cells       5885    58902.742
unit                 5885    58902.742
Hard macro cells        0        0.000
unit                 5885    58902.742
Soft macro cells        0        0.000
unit                 5885    58902.742
Always on cells         0        0.000
unit                 5885    58902.742
Physical only           0        0.000
unit                 5885    58902.742
Fixed cells             0        0.000
unit                 5885    58902.742
Moveable cells       5885    58902.742
unit                 5885    58902.742
Placed cells         5885    58902.742
unit                 5885    58902.742
Sequential            973    23123.427
unit                 5885    58902.742
Buffer/inverter       617     2353.507
unit                 5885    58902.742
ICG cells               0        0.000
unit                 5885    58902.742

Logic Hierarchies                    : 1
Design Masters count                 : 57
Total Flat nets count                : 6344
Total FloatingNets count             : 1
Total no of Ports                    : 72
Number of Master Clocks in design    : 1
Number of Generated Clocks in design : 0
Number of Path Groups in design      : 7 (1 of them Non Default)
Number of Scan Chains in design      : 0
List of Modes                        : default
List of Corners                      : default
List of Scenarios                    : default

Core Area                            : 80417.126
Chip Area                            : 92160.326
Total Site Row Area                  : 80417.126
Number of Blockages                  : 0
Total area of Blockages              : 0.000
Number of Power Domains              : 1
Number of Voltage Areas              : 1
Number of Group Bounds               : 0
Number of Exclusive MoveBounds       : 0
Number of Hard or Soft MoveBounds    : 0
Number of Multibit Registers         : 0
Number of Multibit LS/ISO Cells      : 0
Number of Top Level RP Groups        : 0
Number of Tech Layers                : 16 (10 of them have unknown routing dir.)

Total wire length                    : 235543.52 micron
Total number of wires                : 70636
Total number of contacts             : 68478
1
