Information: The stitching and editing of coupling caps is turned OFF for design 'fft_top_lib:fft_top.design'. (TIM-125)
Information: The RC mode used is DR for design 'fft_top'. (NEX-022)
---extraction options---
Corner: default
Global options:
 reference_direction       : use_from_tluplus
 real_metalfill_extraction : none
 virtual_shield_extraction : true
---app options---
 host.max_cores                   : 1
 extract.connect_open           : true
 extract.enable_coupling_cap    : false
Extracting design: fft_top 
Information: coupling capacitance is lumped to ground. (NEX-030)
Information: 6307 nets are successfully extracted. (NEX-028)
Information: Design Average RC for design fft_top  (NEX-011)
Information: r = 1.459449 ohm/um, via_r = 4.272521 ohm/cut, c = 0.126819 ff/um, cc = 0.000000 ff/um (X dir) (NEX-017)
Information: r = 0.518594 ohm/um, via_r = 43.639130 ohm/cut, c = 0.154207 ff/um, cc = 0.000000 ff/um (Y dir) (NEX-017)
Warning: Advanced receiver model has not been enabled for detailed routed design. (TIM-204)
Information: Update timing completed net estimation for all the timing graph nets (TIM-111)
Information: Net estimation statistics: timing graph nets = 6341, routed nets = 6307, across physical hierarchy nets = 0, parasitics cached nets = 6341, delay annotated nets = 0, parasitics annotated nets = 0, multi-voltage nets = 0. (TIM-112)
****************************************
Report : timing
        -path_type full
        -delay_type max
        -max_paths 10
        -report_by design
Design : fft_top
Version: V-2023.12-SP5-2
Date   : Tue Jul 29 20:41:28 2025
****************************************

  Startpoint: butterfly_0/Bi_F_reg[7] (rising edge-triggered flip-flop clocked by clk)
  Endpoint: butterfly_0/Zib_F_reg[27] (rising edge-triggered flip-flop clocked by clk)
  Mode: default
  Corner: default
  Scenario: default
  Path Group: clk
  Path Type: max

  Point                                            Incr      Path  
  ------------------------------------------------------------------------
  clock clk (rise edge)                            0.00      0.00
  clock network delay (ideal)                      0.00      0.00

  butterfly_0/Bi_F_reg[7]/CLK (sky130_fd_sc_hd__dfxtp_4)
                                                   0.00      0.00 r
  butterfly_0/Bi_F_reg[7]/Q (sky130_fd_sc_hd__dfxtp_4)
                                                   0.36      0.36 r
  U403/Y (sky130_fd_sc_hd__inv_1)                  0.24      0.60 f
  ctmTdsLR_1_180/Y (sky130_fd_sc_hd__xnor2_1)      0.56      1.16 r
  U1405/Y (sky130_fd_sc_hd__inv_1)                 0.31      1.46 f
  U1677/Y (sky130_fd_sc_hd__nor2_1)                0.36      1.83 r
  U402/Y (sky130_fd_sc_hd__inv_1)                  0.22      2.05 f
  U2211/Y (sky130_fd_sc_hd__nor2_1)                0.62      2.67 r
  U2941/Y (sky130_fd_sc_hd__o21ai_0)               0.29      2.96 f
  U2948/Y (sky130_fd_sc_hd__o31ai_1)               0.17      3.13 r
  butterfly_0/intadd_44/U3/SUM (sky130_fd_sc_hd__fa_1)
                                                   0.39      3.53 f
  U2963/X (sky130_fd_sc_hd__xor2_1)                0.16      3.68 f
  butterfly_0/intadd_0/U21/COUT (sky130_fd_sc_hd__fa_1)
                                                   0.30      3.98 f
  U3245/COUT (sky130_fd_sc_hd__fa_1)               0.30      4.28 f
  U3244/COUT (sky130_fd_sc_hd__fa_1)               0.30      4.58 f
  U3246/COUT (sky130_fd_sc_hd__fa_1)               0.30      4.88 f
  butterfly_0/intadd_0/U17/COUT (sky130_fd_sc_hd__fa_1)
                                                   0.29      5.16 f
  U3228/COUT (sky130_fd_sc_hd__fa_1)               0.30      5.46 f
  U3225/COUT (sky130_fd_sc_hd__fa_1)               0.30      5.77 f
  butterfly_0/intadd_0/U14/COUT (sky130_fd_sc_hd__fa_1)
                                                   0.31      6.08 f
  U3238/COUT (sky130_fd_sc_hd__fa_1)               0.30      6.38 f
  U3235/COUT (sky130_fd_sc_hd__fa_1)               0.31      6.69 f
  U3234/COUT (sky130_fd_sc_hd__fa_1)               0.29      6.98 f
  U3243/COUT (sky130_fd_sc_hd__fa_1)               0.30      7.27 f
  U3242/COUT (sky130_fd_sc_hd__fa_1)               0.33      7.60 f
  U3229/COUT (sky130_fd_sc_hd__fa_1)               0.32      7.92 f
  U3230/COUT (sky130_fd_sc_hd__fa_1)               0.31      8.23 f
  U3227/COUT (sky130_fd_sc_hd__fa_1)               0.31      8.54 f
  U3226/COUT (sky130_fd_sc_hd__fa_1)               0.32      8.86 f
  butterfly_0/intadd_0/U4/COUT (sky130_fd_sc_hd__fa_1)
                                                   0.28      9.15 f
  butterfly_0/intadd_0/U3/COUT (sky130_fd_sc_hd__fa_1)
                                                   0.29      9.44 f
  butterfly_0/intadd_0/U2/COUT (sky130_fd_sc_hd__fa_1)
                                                   0.28      9.72 f
  U3032/Y (sky130_fd_sc_hd__xnor2_1)               0.16      9.88 r
  butterfly_0/Zib_F_reg[27]/D (sky130_fd_sc_hd__dfxtp_4)
                                                   0.00      9.88 r
  data arrival time                                          9.88

  clock clk (rise edge)                           10.00     10.00
  clock network delay (ideal)                      0.00     10.00
  butterfly_0/Zib_F_reg[27]/CLK (sky130_fd_sc_hd__dfxtp_4)
                                                   0.00     10.00 r
  library setup time                              -0.08      9.92
  data required time                                         9.92
  ------------------------------------------------------------------------
  data required time                                         9.92
  data arrival time                                         -9.88
  ------------------------------------------------------------------------
  slack (MET)                                                0.04



  Startpoint: butterfly_0/Bi_F_reg[7] (rising edge-triggered flip-flop clocked by clk)
  Endpoint: butterfly_0/Zib_F_reg[26] (rising edge-triggered flip-flop clocked by clk)
  Mode: default
  Corner: default
  Scenario: default
  Path Group: clk
  Path Type: max

  Point                                            Incr      Path  
  ------------------------------------------------------------------------
  clock clk (rise edge)                            0.00      0.00
  clock network delay (ideal)                      0.00      0.00

  butterfly_0/Bi_F_reg[7]/CLK (sky130_fd_sc_hd__dfxtp_4)
                                                   0.00      0.00 r
  butterfly_0/Bi_F_reg[7]/Q (sky130_fd_sc_hd__dfxtp_4)
                                                   0.36      0.36 r
  U403/Y (sky130_fd_sc_hd__inv_1)                  0.24      0.60 f
  ctmTdsLR_1_180/Y (sky130_fd_sc_hd__xnor2_1)      0.56      1.16 r
  U1405/Y (sky130_fd_sc_hd__inv_1)                 0.31      1.46 f
  U1677/Y (sky130_fd_sc_hd__nor2_1)                0.36      1.83 r
  U402/Y (sky130_fd_sc_hd__inv_1)                  0.22      2.05 f
  U2211/Y (sky130_fd_sc_hd__nor2_1)                0.62      2.67 r
  U2941/Y (sky130_fd_sc_hd__o21ai_0)               0.29      2.96 f
  U2948/Y (sky130_fd_sc_hd__o31ai_1)               0.17      3.13 r
  butterfly_0/intadd_44/U3/SUM (sky130_fd_sc_hd__fa_1)
                                                   0.39      3.53 f
  U2963/X (sky130_fd_sc_hd__xor2_1)                0.16      3.68 f
  butterfly_0/intadd_0/U21/COUT (sky130_fd_sc_hd__fa_1)
                                                   0.30      3.98 f
  U3245/COUT (sky130_fd_sc_hd__fa_1)               0.30      4.28 f
  U3244/COUT (sky130_fd_sc_hd__fa_1)               0.30      4.58 f
  U3246/COUT (sky130_fd_sc_hd__fa_1)               0.30      4.88 f
  butterfly_0/intadd_0/U17/COUT (sky130_fd_sc_hd__fa_1)
                                                   0.29      5.16 f
  U3228/COUT (sky130_fd_sc_hd__fa_1)               0.30      5.46 f
  U3225/COUT (sky130_fd_sc_hd__fa_1)               0.30      5.77 f
  butterfly_0/intadd_0/U14/COUT (sky130_fd_sc_hd__fa_1)
                                                   0.31      6.08 f
  U3238/COUT (sky130_fd_sc_hd__fa_1)               0.30      6.38 f
  U3235/COUT (sky130_fd_sc_hd__fa_1)               0.31      6.69 f
  U3234/COUT (sky130_fd_sc_hd__fa_1)               0.29      6.98 f
  U3243/COUT (sky130_fd_sc_hd__fa_1)               0.30      7.27 f
  U3242/COUT (sky130_fd_sc_hd__fa_1)               0.33      7.60 f
  U3229/COUT (sky130_fd_sc_hd__fa_1)               0.32      7.92 f
  U3230/COUT (sky130_fd_sc_hd__fa_1)               0.31      8.23 f
  U3227/COUT (sky130_fd_sc_hd__fa_1)               0.31      8.54 f
  U3226/COUT (sky130_fd_sc_hd__fa_1)               0.32      8.86 f
  butterfly_0/intadd_0/U4/COUT (sky130_fd_sc_hd__fa_1)
                                                   0.28      9.15 f
  butterfly_0/intadd_0/U3/COUT (sky130_fd_sc_hd__fa_1)
                                                   0.29      9.44 f
  butterfly_0/intadd_0/U2/SUM (sky130_fd_sc_hd__fa_1)
                                                   0.41      9.85 r
  butterfly_0/Zib_F_reg[26]/D (sky130_fd_sc_hd__dfxtp_4)
                                                   0.00      9.85 r
  data arrival time                                          9.85

  clock clk (rise edge)                           10.00     10.00
  clock network delay (ideal)                      0.00     10.00
  butterfly_0/Zib_F_reg[26]/CLK (sky130_fd_sc_hd__dfxtp_4)
                                                   0.00     10.00 r
  library setup time                              -0.07      9.93
  data required time                                         9.93
  ------------------------------------------------------------------------
  data required time                                         9.93
  data arrival time                                         -9.85
  ------------------------------------------------------------------------
  slack (MET)                                                0.09



  Startpoint: butterfly_0/Bi_F_reg[5] (rising edge-triggered flip-flop clocked by clk)
  Endpoint: butterfly_0/Zrb_F_reg[27] (rising edge-triggered flip-flop clocked by clk)
  Mode: default
  Corner: default
  Scenario: default
  Path Group: clk
  Path Type: max

  Point                                            Incr      Path  
  ------------------------------------------------------------------------
  clock clk (rise edge)                            0.00      0.00
  clock network delay (ideal)                      0.00      0.00

  butterfly_0/Bi_F_reg[5]/CLK (sky130_fd_sc_hd__dfxtp_4)
                                                   0.00      0.00 r
  butterfly_0/Bi_F_reg[5]/Q (sky130_fd_sc_hd__dfxtp_4)
                                                   0.35      0.35 r
  U373/Y (sky130_fd_sc_hd__inv_1)                  0.27      0.62 f
  U372/Y (sky130_fd_sc_hd__o21ai_0)                0.72      1.34 r
  U1373/Y (sky130_fd_sc_hd__inv_1)                 0.32      1.66 f
  U1392/Y (sky130_fd_sc_hd__nor2_1)                0.37      2.03 r
  U1393/Y (sky130_fd_sc_hd__nand2_1)               0.14      2.17 f
  U1396/Y (sky130_fd_sc_hd__a21oi_1)               0.31      2.48 r
  U765/X (sky130_fd_sc_hd__a31o_1)                 0.16      2.64 r
  U2347/Y (sky130_fd_sc_hd__xnor2_1)               0.09      2.73 f
  U2348/Y (sky130_fd_sc_hd__xnor2_1)               0.14      2.87 f
  U3209/COUT (sky130_fd_sc_hd__fa_1)               0.31      3.18 f
  butterfly_0/intadd_2/U22/COUT (sky130_fd_sc_hd__fa_1)
                                                   0.28      3.46 f
  U3211/COUT (sky130_fd_sc_hd__fa_1)               0.28      3.73 f
  U3212/COUT (sky130_fd_sc_hd__fa_1)               0.28      4.01 f
  U3213/COUT (sky130_fd_sc_hd__fa_1)               0.30      4.31 f
  U3215/COUT (sky130_fd_sc_hd__fa_1)               0.30      4.61 f
  butterfly_0/intadd_2/U17/COUT (sky130_fd_sc_hd__fa_1)
                                                   0.30      4.91 f
  butterfly_0/intadd_2/U16/COUT (sky130_fd_sc_hd__fa_1)
                                                   0.30      5.21 f
  butterfly_0/intadd_2/U15/COUT (sky130_fd_sc_hd__fa_1)
                                                   0.30      5.50 f
  U3216/COUT (sky130_fd_sc_hd__fa_1)               0.29      5.79 f
  U3201/COUT (sky130_fd_sc_hd__fa_1)               0.34      6.14 f
  U3217/COUT (sky130_fd_sc_hd__fa_1)               0.33      6.47 f
  U3202/COUT (sky130_fd_sc_hd__fa_1)               0.32      6.79 f
  U472/COUT (sky130_fd_sc_hd__fa_1)                0.30      7.09 f
  U3203/COUT (sky130_fd_sc_hd__fa_1)               0.29      7.37 f
  U466/COUT (sky130_fd_sc_hd__fa_1)                0.30      7.67 f
  butterfly_0/intadd_2/U7/COUT (sky130_fd_sc_hd__fa_1)
                                                   0.28      7.96 f
  U3218/COUT (sky130_fd_sc_hd__fa_1)               0.31      8.27 f
  ctmTdsLR_1_343/X (sky130_fd_sc_hd__maj3_1)       0.28      8.54 f
  U3221/COUT (sky130_fd_sc_hd__fa_1)               0.30      8.85 f
  ctmTdsLR_1_88/X (sky130_fd_sc_hd__a22o_1)        0.16      9.01 f
  butterfly_0/intadd_2/U2/COUT (sky130_fd_sc_hd__fa_1)
                                                   0.27      9.28 f
  U2381/Y (sky130_fd_sc_hd__xnor2_1)               0.44      9.72 r
  butterfly_0/Zrb_F_reg[27]/D (sky130_fd_sc_hd__dfxtp_4)
                                                   0.01      9.73 r
  data arrival time                                          9.73

  clock clk (rise edge)                           10.00     10.00
  clock network delay (ideal)                      0.00     10.00
  butterfly_0/Zrb_F_reg[27]/CLK (sky130_fd_sc_hd__dfxtp_4)
                                                   0.00     10.00 r
  library setup time                              -0.14      9.86
  data required time                                         9.86
  ------------------------------------------------------------------------
  data required time                                         9.86
  data arrival time                                         -9.73
  ------------------------------------------------------------------------
  slack (MET)                                                0.13



  Startpoint: butterfly_0/Br_F_reg[7] (rising edge-triggered flip-flop clocked by clk)
  Endpoint: butterfly_0/Zra_F_reg[27] (rising edge-triggered flip-flop clocked by clk)
  Mode: default
  Corner: default
  Scenario: default
  Path Group: clk
  Path Type: max

  Point                                            Incr      Path  
  ------------------------------------------------------------------------
  clock clk (rise edge)                            0.00      0.00
  clock network delay (ideal)                      0.00      0.00

  butterfly_0/Br_F_reg[7]/CLK (sky130_fd_sc_hd__dfxtp_4)
                                                   0.00      0.00 r
  butterfly_0/Br_F_reg[7]/Q (sky130_fd_sc_hd__dfxtp_4)
                                                   0.35      0.35 r
  U966/Y (sky130_fd_sc_hd__inv_1)                  0.25      0.60 f
  U1006/Y (sky130_fd_sc_hd__o21ai_0)               0.75      1.35 r
  U1730/Y (sky130_fd_sc_hd__inv_1)                 0.32      1.67 f
  U1770/Y (sky130_fd_sc_hd__nor2_1)                0.39      2.06 r
  U1859/Y (sky130_fd_sc_hd__inv_1)                 0.23      2.29 f
  U1978/Y (sky130_fd_sc_hd__nor2_1)                0.31      2.61 r
  U1981/Y (sky130_fd_sc_hd__o21ai_0)               0.24      2.84 f
  U1992/Y (sky130_fd_sc_hd__o31ai_1)               0.17      3.02 r
  butterfly_0/intadd_65/U3/SUM (sky130_fd_sc_hd__fa_1)
                                                   0.38      3.40 f
  U2005/Y (sky130_fd_sc_hd__xnor2_1)               0.14      3.54 f
  U479/COUT (sky130_fd_sc_hd__fa_1)                0.30      3.85 f
  U369/COUT (sky130_fd_sc_hd__fa_1)                0.32      4.17 f
  ctmTdsLR_1_290/X (sky130_fd_sc_hd__maj3_1)       0.27      4.43 f
  U3241/COUT (sky130_fd_sc_hd__fa_1)               0.29      4.72 f
  U3239/COUT (sky130_fd_sc_hd__fa_1)               0.31      5.03 f
  ctmTdsLR_1_402/X (sky130_fd_sc_hd__maj3_1)       0.26      5.29 f
  butterfly_0/intadd_3/U15/COUT (sky130_fd_sc_hd__fa_1)
                                                   0.30      5.59 f
  butterfly_0/intadd_3/U14/COUT (sky130_fd_sc_hd__fa_1)
                                                   0.31      5.90 f
  butterfly_0/intadd_3/U13/COUT (sky130_fd_sc_hd__fa_1)
                                                   0.30      6.19 f
  U1016/COUT (sky130_fd_sc_hd__fa_1)               0.30      6.49 f
  U3233/COUT (sky130_fd_sc_hd__fa_1)               0.33      6.82 f
  ctmTdsLR_1_272/X (sky130_fd_sc_hd__maj3_1)       0.29      7.11 f
  U3240/COUT (sky130_fd_sc_hd__fa_1)               0.32      7.43 f
  ctmTdsLR_1_342/X (sky130_fd_sc_hd__maj3_1)       0.26      7.69 f
  butterfly_0/intadd_3/U7/COUT (sky130_fd_sc_hd__fa_1)
                                                   0.29      7.99 f
  U3224/COUT (sky130_fd_sc_hd__fa_1)               0.29      8.28 f
  butterfly_0/intadd_3/U5/COUT (sky130_fd_sc_hd__fa_1)
                                                   0.29      8.57 f
  U3232/COUT (sky130_fd_sc_hd__fa_1)               0.29      8.86 f
  butterfly_0/intadd_3/U3/COUT (sky130_fd_sc_hd__fa_1)
                                                   0.29      9.15 f
  U3231/COUT (sky130_fd_sc_hd__fa_1)               0.28      9.43 f
  U2080/Y (sky130_fd_sc_hd__xnor2_1)               0.12      9.55 f
  butterfly_0/Zra_F_reg[27]/D (sky130_fd_sc_hd__dfxtp_4)
                                                   0.00      9.55 f
  data arrival time                                          9.55

  clock clk (rise edge)                           10.00     10.00
  clock network delay (ideal)                      0.00     10.00
  butterfly_0/Zra_F_reg[27]/CLK (sky130_fd_sc_hd__dfxtp_4)
                                                   0.00     10.00 r
  library setup time                              -0.10      9.90
  data required time                                         9.90
  ------------------------------------------------------------------------
  data required time                                         9.90
  data arrival time                                         -9.55
  ------------------------------------------------------------------------
  slack (MET)                                                0.36



  Startpoint: butterfly_0/Bi_F_reg[7] (rising edge-triggered flip-flop clocked by clk)
  Endpoint: butterfly_0/Zib_F_reg[25] (rising edge-triggered flip-flop clocked by clk)
  Mode: default
  Corner: default
  Scenario: default
  Path Group: clk
  Path Type: max

  Point                                            Incr      Path  
  ------------------------------------------------------------------------
  clock clk (rise edge)                            0.00      0.00
  clock network delay (ideal)                      0.00      0.00

  butterfly_0/Bi_F_reg[7]/CLK (sky130_fd_sc_hd__dfxtp_4)
                                                   0.00      0.00 r
  butterfly_0/Bi_F_reg[7]/Q (sky130_fd_sc_hd__dfxtp_4)
                                                   0.36      0.36 r
  U403/Y (sky130_fd_sc_hd__inv_1)                  0.24      0.60 f
  ctmTdsLR_1_180/Y (sky130_fd_sc_hd__xnor2_1)      0.56      1.16 r
  U1405/Y (sky130_fd_sc_hd__inv_1)                 0.31      1.46 f
  U1677/Y (sky130_fd_sc_hd__nor2_1)                0.36      1.83 r
  U402/Y (sky130_fd_sc_hd__inv_1)                  0.22      2.05 f
  U2211/Y (sky130_fd_sc_hd__nor2_1)                0.62      2.67 r
  U2941/Y (sky130_fd_sc_hd__o21ai_0)               0.29      2.96 f
  U2948/Y (sky130_fd_sc_hd__o31ai_1)               0.17      3.13 r
  butterfly_0/intadd_44/U3/SUM (sky130_fd_sc_hd__fa_1)
                                                   0.39      3.53 f
  U2963/X (sky130_fd_sc_hd__xor2_1)                0.16      3.68 f
  butterfly_0/intadd_0/U21/COUT (sky130_fd_sc_hd__fa_1)
                                                   0.30      3.98 f
  U3245/COUT (sky130_fd_sc_hd__fa_1)               0.30      4.28 f
  U3244/COUT (sky130_fd_sc_hd__fa_1)               0.30      4.58 f
  U3246/COUT (sky130_fd_sc_hd__fa_1)               0.30      4.88 f
  butterfly_0/intadd_0/U17/COUT (sky130_fd_sc_hd__fa_1)
                                                   0.29      5.16 f
  U3228/COUT (sky130_fd_sc_hd__fa_1)               0.30      5.46 f
  U3225/COUT (sky130_fd_sc_hd__fa_1)               0.30      5.77 f
  butterfly_0/intadd_0/U14/COUT (sky130_fd_sc_hd__fa_1)
                                                   0.31      6.08 f
  U3238/COUT (sky130_fd_sc_hd__fa_1)               0.30      6.38 f
  U3235/COUT (sky130_fd_sc_hd__fa_1)               0.31      6.69 f
  U3234/COUT (sky130_fd_sc_hd__fa_1)               0.29      6.98 f
  U3243/COUT (sky130_fd_sc_hd__fa_1)               0.30      7.27 f
  U3242/COUT (sky130_fd_sc_hd__fa_1)               0.33      7.60 f
  U3229/COUT (sky130_fd_sc_hd__fa_1)               0.32      7.92 f
  U3230/COUT (sky130_fd_sc_hd__fa_1)               0.31      8.23 f
  U3227/COUT (sky130_fd_sc_hd__fa_1)               0.31      8.54 f
  U3226/COUT (sky130_fd_sc_hd__fa_1)               0.32      8.86 f
  butterfly_0/intadd_0/U4/COUT (sky130_fd_sc_hd__fa_1)
                                                   0.28      9.15 f
  butterfly_0/intadd_0/U3/SUM (sky130_fd_sc_hd__fa_1)
                                                   0.42      9.57 r
  butterfly_0/Zib_F_reg[25]/D (sky130_fd_sc_hd__dfxtp_4)
                                                   0.00      9.57 r
  data arrival time                                          9.57

  clock clk (rise edge)                           10.00     10.00
  clock network delay (ideal)                      0.00     10.00
  butterfly_0/Zib_F_reg[25]/CLK (sky130_fd_sc_hd__dfxtp_4)
                                                   0.00     10.00 r
  library setup time                              -0.07      9.93
  data required time                                         9.93
  ------------------------------------------------------------------------
  data required time                                         9.93
  data arrival time                                         -9.57
  ------------------------------------------------------------------------
  slack (MET)                                                0.36



  Startpoint: butterfly_0/Br_F_reg[7] (rising edge-triggered flip-flop clocked by clk)
  Endpoint: butterfly_0/Zra_F_reg[26] (rising edge-triggered flip-flop clocked by clk)
  Mode: default
  Corner: default
  Scenario: default
  Path Group: clk
  Path Type: max

  Point                                            Incr      Path  
  ------------------------------------------------------------------------
  clock clk (rise edge)                            0.00      0.00
  clock network delay (ideal)                      0.00      0.00

  butterfly_0/Br_F_reg[7]/CLK (sky130_fd_sc_hd__dfxtp_4)
                                                   0.00      0.00 r
  butterfly_0/Br_F_reg[7]/Q (sky130_fd_sc_hd__dfxtp_4)
                                                   0.35      0.35 r
  U966/Y (sky130_fd_sc_hd__inv_1)                  0.25      0.60 f
  U1006/Y (sky130_fd_sc_hd__o21ai_0)               0.75      1.35 r
  U1730/Y (sky130_fd_sc_hd__inv_1)                 0.32      1.67 f
  U1770/Y (sky130_fd_sc_hd__nor2_1)                0.39      2.06 r
  U1859/Y (sky130_fd_sc_hd__inv_1)                 0.23      2.29 f
  U1978/Y (sky130_fd_sc_hd__nor2_1)                0.31      2.61 r
  U1981/Y (sky130_fd_sc_hd__o21ai_0)               0.24      2.84 f
  U1992/Y (sky130_fd_sc_hd__o31ai_1)               0.17      3.02 r
  butterfly_0/intadd_65/U3/SUM (sky130_fd_sc_hd__fa_1)
                                                   0.38      3.40 f
  U2005/Y (sky130_fd_sc_hd__xnor2_1)               0.14      3.54 f
  U479/COUT (sky130_fd_sc_hd__fa_1)                0.30      3.85 f
  U369/COUT (sky130_fd_sc_hd__fa_1)                0.32      4.17 f
  ctmTdsLR_1_290/X (sky130_fd_sc_hd__maj3_1)       0.27      4.43 f
  U3241/COUT (sky130_fd_sc_hd__fa_1)               0.29      4.72 f
  U3239/COUT (sky130_fd_sc_hd__fa_1)               0.31      5.03 f
  ctmTdsLR_1_402/X (sky130_fd_sc_hd__maj3_1)       0.26      5.29 f
  butterfly_0/intadd_3/U15/COUT (sky130_fd_sc_hd__fa_1)
                                                   0.30      5.59 f
  butterfly_0/intadd_3/U14/COUT (sky130_fd_sc_hd__fa_1)
                                                   0.31      5.90 f
  butterfly_0/intadd_3/U13/COUT (sky130_fd_sc_hd__fa_1)
                                                   0.30      6.19 f
  U1016/COUT (sky130_fd_sc_hd__fa_1)               0.30      6.49 f
  U3233/COUT (sky130_fd_sc_hd__fa_1)               0.33      6.82 f
  ctmTdsLR_1_272/X (sky130_fd_sc_hd__maj3_1)       0.29      7.11 f
  U3240/COUT (sky130_fd_sc_hd__fa_1)               0.32      7.43 f
  ctmTdsLR_1_342/X (sky130_fd_sc_hd__maj3_1)       0.26      7.69 f
  butterfly_0/intadd_3/U7/COUT (sky130_fd_sc_hd__fa_1)
                                                   0.29      7.99 f
  U3224/COUT (sky130_fd_sc_hd__fa_1)               0.29      8.28 f
  butterfly_0/intadd_3/U5/COUT (sky130_fd_sc_hd__fa_1)
                                                   0.29      8.57 f
  U3232/COUT (sky130_fd_sc_hd__fa_1)               0.29      8.86 f
  butterfly_0/intadd_3/U3/COUT (sky130_fd_sc_hd__fa_1)
                                                   0.29      9.15 f
  U3231/SUM (sky130_fd_sc_hd__fa_1)                0.38      9.53 r
  butterfly_0/Zra_F_reg[26]/D (sky130_fd_sc_hd__dfxtp_4)
                                                   0.00      9.53 r
  data arrival time                                          9.53

  clock clk (rise edge)                           10.00     10.00
  clock network delay (ideal)                      0.00     10.00
  butterfly_0/Zra_F_reg[26]/CLK (sky130_fd_sc_hd__dfxtp_4)
                                                   0.00     10.00 r
  library setup time                              -0.06      9.94
  data required time                                         9.94
  ------------------------------------------------------------------------
  data required time                                         9.94
  data arrival time                                         -9.53
  ------------------------------------------------------------------------
  slack (MET)                                                0.41



  Startpoint: butterfly_0/Bi_F_reg[5] (rising edge-triggered flip-flop clocked by clk)
  Endpoint: butterfly_0/Zrb_F_reg[26] (rising edge-triggered flip-flop clocked by clk)
  Mode: default
  Corner: default
  Scenario: default
  Path Group: clk
  Path Type: max

  Point                                            Incr      Path  
  ------------------------------------------------------------------------
  clock clk (rise edge)                            0.00      0.00
  clock network delay (ideal)                      0.00      0.00

  butterfly_0/Bi_F_reg[5]/CLK (sky130_fd_sc_hd__dfxtp_4)
                                                   0.00      0.00 r
  butterfly_0/Bi_F_reg[5]/Q (sky130_fd_sc_hd__dfxtp_4)
                                                   0.35      0.35 r
  U373/Y (sky130_fd_sc_hd__inv_1)                  0.27      0.62 f
  U372/Y (sky130_fd_sc_hd__o21ai_0)                0.72      1.34 r
  U1373/Y (sky130_fd_sc_hd__inv_1)                 0.32      1.66 f
  U1392/Y (sky130_fd_sc_hd__nor2_1)                0.37      2.03 r
  U1393/Y (sky130_fd_sc_hd__nand2_1)               0.14      2.17 f
  U1396/Y (sky130_fd_sc_hd__a21oi_1)               0.31      2.48 r
  U765/X (sky130_fd_sc_hd__a31o_1)                 0.16      2.64 r
  U2347/Y (sky130_fd_sc_hd__xnor2_1)               0.09      2.73 f
  U2348/Y (sky130_fd_sc_hd__xnor2_1)               0.14      2.87 f
  U3209/COUT (sky130_fd_sc_hd__fa_1)               0.31      3.18 f
  butterfly_0/intadd_2/U22/COUT (sky130_fd_sc_hd__fa_1)
                                                   0.28      3.46 f
  U3211/COUT (sky130_fd_sc_hd__fa_1)               0.28      3.73 f
  U3212/COUT (sky130_fd_sc_hd__fa_1)               0.28      4.01 f
  U3213/COUT (sky130_fd_sc_hd__fa_1)               0.30      4.31 f
  U3215/COUT (sky130_fd_sc_hd__fa_1)               0.30      4.61 f
  butterfly_0/intadd_2/U17/COUT (sky130_fd_sc_hd__fa_1)
                                                   0.30      4.91 f
  butterfly_0/intadd_2/U16/COUT (sky130_fd_sc_hd__fa_1)
                                                   0.30      5.21 f
  butterfly_0/intadd_2/U15/COUT (sky130_fd_sc_hd__fa_1)
                                                   0.30      5.50 f
  U3216/COUT (sky130_fd_sc_hd__fa_1)               0.29      5.79 f
  U3201/COUT (sky130_fd_sc_hd__fa_1)               0.34      6.14 f
  U3217/COUT (sky130_fd_sc_hd__fa_1)               0.33      6.47 f
  U3202/COUT (sky130_fd_sc_hd__fa_1)               0.32      6.79 f
  U472/COUT (sky130_fd_sc_hd__fa_1)                0.30      7.09 f
  U3203/COUT (sky130_fd_sc_hd__fa_1)               0.29      7.37 f
  U466/COUT (sky130_fd_sc_hd__fa_1)                0.30      7.67 f
  butterfly_0/intadd_2/U7/COUT (sky130_fd_sc_hd__fa_1)
                                                   0.28      7.96 f
  U3218/COUT (sky130_fd_sc_hd__fa_1)               0.31      8.27 f
  ctmTdsLR_1_343/X (sky130_fd_sc_hd__maj3_1)       0.28      8.54 f
  U3221/COUT (sky130_fd_sc_hd__fa_1)               0.30      8.85 f
  ctmTdsLR_1_88/X (sky130_fd_sc_hd__a22o_1)        0.16      9.01 f
  butterfly_0/intadd_2/U2/SUM (sky130_fd_sc_hd__fa_1)
                                                   0.39      9.40 r
  butterfly_0/Zrb_F_reg[26]/D (sky130_fd_sc_hd__dfxtp_4)
                                                   0.00      9.40 r
  data arrival time                                          9.40

  clock clk (rise edge)                           10.00     10.00
  clock network delay (ideal)                      0.00     10.00
  butterfly_0/Zrb_F_reg[26]/CLK (sky130_fd_sc_hd__dfxtp_4)
                                                   0.00     10.00 r
  library setup time                              -0.06      9.94
  data required time                                         9.94
  ------------------------------------------------------------------------
  data required time                                         9.94
  data arrival time                                         -9.40
  ------------------------------------------------------------------------
  slack (MET)                                                0.53



  Startpoint: butterfly_0/Br_F_reg[7] (rising edge-triggered flip-flop clocked by clk)
  Endpoint: butterfly_0/Zia_F_reg[27] (rising edge-triggered flip-flop clocked by clk)
  Mode: default
  Corner: default
  Scenario: default
  Path Group: clk
  Path Type: max

  Point                                            Incr      Path  
  ------------------------------------------------------------------------
  clock clk (rise edge)                            0.00      0.00
  clock network delay (ideal)                      0.00      0.00

  butterfly_0/Br_F_reg[7]/CLK (sky130_fd_sc_hd__dfxtp_4)
                                                   0.00      0.00 r
  butterfly_0/Br_F_reg[7]/Q (sky130_fd_sc_hd__dfxtp_4)
                                                   0.35      0.35 r
  U966/Y (sky130_fd_sc_hd__inv_1)                  0.25      0.60 f
  U1006/Y (sky130_fd_sc_hd__o21ai_0)               0.75      1.35 r
  U1730/Y (sky130_fd_sc_hd__inv_1)                 0.32      1.67 f
  U1770/Y (sky130_fd_sc_hd__nor2_1)                0.39      2.06 r
  U1859/Y (sky130_fd_sc_hd__inv_1)                 0.23      2.29 f
  U2593/Y (sky130_fd_sc_hd__nor2_1)                0.19      2.48 r
  U2596/Y (sky130_fd_sc_hd__o21ai_0)               0.20      2.68 f
  U2600/Y (sky130_fd_sc_hd__o31ai_1)               0.19      2.87 r
  butterfly_0/intadd_51/U3/SUM (sky130_fd_sc_hd__fa_1)
                                                   0.38      3.25 f
  U2605/Y (sky130_fd_sc_hd__xnor2_1)               0.14      3.39 f
  butterfly_0/intadd_1/U21/COUT (sky130_fd_sc_hd__fa_1)
                                                   0.30      3.69 f
  butterfly_0/intadd_1/U20/COUT (sky130_fd_sc_hd__fa_1)
                                                   0.28      3.97 f
  U3214/COUT (sky130_fd_sc_hd__fa_1)               0.30      4.27 f
  U3198/COUT (sky130_fd_sc_hd__fa_1)               0.30      4.57 f
  butterfly_0/intadd_1/U17/COUT (sky130_fd_sc_hd__fa_1)
                                                   0.29      4.86 f
  butterfly_0/intadd_1/U16/COUT (sky130_fd_sc_hd__fa_1)
                                                   0.29      5.15 f
  butterfly_0/intadd_1/U15/COUT (sky130_fd_sc_hd__fa_1)
                                                   0.29      5.45 f
  butterfly_0/intadd_1/U14/COUT (sky130_fd_sc_hd__fa_1)
                                                   0.29      5.74 f
  U3205/COUT (sky130_fd_sc_hd__fa_1)               0.29      6.03 f
  U3199/COUT (sky130_fd_sc_hd__fa_1)               0.30      6.33 f
  U3206/COUT (sky130_fd_sc_hd__fa_1)               0.30      6.63 f
  U3200/COUT (sky130_fd_sc_hd__fa_1)               0.30      6.92 f
  U3207/COUT (sky130_fd_sc_hd__fa_1)               0.29      7.22 f
  U467/COUT (sky130_fd_sc_hd__fa_1)                0.30      7.52 f
  U3219/COUT (sky130_fd_sc_hd__fa_1)               0.31      7.82 f
  ctmTdsLR_1_301/X (sky130_fd_sc_hd__maj3_1)       0.26      8.09 f
  U3220/COUT (sky130_fd_sc_hd__fa_1)               0.29      8.38 f
  U455/COUT (sky130_fd_sc_hd__fa_1)                0.32      8.70 f
  ctmTdsLR_1_403/X (sky130_fd_sc_hd__maj3_1)       0.28      8.98 f
  ctmTdsLR_1_160/X (sky130_fd_sc_hd__maj3_1)       0.25      9.23 f
  U2641/Y (sky130_fd_sc_hd__xnor2_1)               0.11      9.34 f
  butterfly_0/Zia_F_reg[27]/D (sky130_fd_sc_hd__dfxtp_4)
                                                   0.00      9.34 f
  data arrival time                                          9.34

  clock clk (rise edge)                           10.00     10.00
  clock network delay (ideal)                      0.00     10.00
  butterfly_0/Zia_F_reg[27]/CLK (sky130_fd_sc_hd__dfxtp_4)
                                                   0.00     10.00 r
  library setup time                              -0.09      9.91
  data required time                                         9.91
  ------------------------------------------------------------------------
  data required time                                         9.91
  data arrival time                                         -9.34
  ------------------------------------------------------------------------
  slack (MET)                                                0.57



  Startpoint: butterfly_0/Bi_F_reg[7] (rising edge-triggered flip-flop clocked by clk)
  Endpoint: butterfly_0/Zib_F_reg[24] (rising edge-triggered flip-flop clocked by clk)
  Mode: default
  Corner: default
  Scenario: default
  Path Group: clk
  Path Type: max

  Point                                            Incr      Path  
  ------------------------------------------------------------------------
  clock clk (rise edge)                            0.00      0.00
  clock network delay (ideal)                      0.00      0.00

  butterfly_0/Bi_F_reg[7]/CLK (sky130_fd_sc_hd__dfxtp_4)
                                                   0.00      0.00 r
  butterfly_0/Bi_F_reg[7]/Q (sky130_fd_sc_hd__dfxtp_4)
                                                   0.36      0.36 r
  U403/Y (sky130_fd_sc_hd__inv_1)                  0.24      0.60 f
  ctmTdsLR_1_180/Y (sky130_fd_sc_hd__xnor2_1)      0.56      1.16 r
  U1405/Y (sky130_fd_sc_hd__inv_1)                 0.31      1.46 f
  U1677/Y (sky130_fd_sc_hd__nor2_1)                0.36      1.83 r
  U402/Y (sky130_fd_sc_hd__inv_1)                  0.22      2.05 f
  U2211/Y (sky130_fd_sc_hd__nor2_1)                0.62      2.67 r
  U2941/Y (sky130_fd_sc_hd__o21ai_0)               0.29      2.96 f
  U2948/Y (sky130_fd_sc_hd__o31ai_1)               0.17      3.13 r
  butterfly_0/intadd_44/U3/SUM (sky130_fd_sc_hd__fa_1)
                                                   0.39      3.53 f
  U2963/X (sky130_fd_sc_hd__xor2_1)                0.16      3.68 f
  butterfly_0/intadd_0/U21/COUT (sky130_fd_sc_hd__fa_1)
                                                   0.30      3.98 f
  U3245/COUT (sky130_fd_sc_hd__fa_1)               0.30      4.28 f
  U3244/COUT (sky130_fd_sc_hd__fa_1)               0.30      4.58 f
  U3246/COUT (sky130_fd_sc_hd__fa_1)               0.30      4.88 f
  butterfly_0/intadd_0/U17/COUT (sky130_fd_sc_hd__fa_1)
                                                   0.29      5.16 f
  U3228/COUT (sky130_fd_sc_hd__fa_1)               0.30      5.46 f
  U3225/COUT (sky130_fd_sc_hd__fa_1)               0.30      5.77 f
  butterfly_0/intadd_0/U14/COUT (sky130_fd_sc_hd__fa_1)
                                                   0.31      6.08 f
  U3238/COUT (sky130_fd_sc_hd__fa_1)               0.30      6.38 f
  U3235/COUT (sky130_fd_sc_hd__fa_1)               0.31      6.69 f
  U3234/COUT (sky130_fd_sc_hd__fa_1)               0.29      6.98 f
  U3243/COUT (sky130_fd_sc_hd__fa_1)               0.30      7.27 f
  U3242/COUT (sky130_fd_sc_hd__fa_1)               0.33      7.60 f
  U3229/COUT (sky130_fd_sc_hd__fa_1)               0.32      7.92 f
  U3230/COUT (sky130_fd_sc_hd__fa_1)               0.31      8.23 f
  U3227/COUT (sky130_fd_sc_hd__fa_1)               0.31      8.54 f
  U3226/COUT (sky130_fd_sc_hd__fa_1)               0.32      8.86 f
  butterfly_0/intadd_0/U4/SUM (sky130_fd_sc_hd__fa_1)
                                                   0.44      9.30 r
  butterfly_0/Zib_F_reg[24]/D (sky130_fd_sc_hd__dfxtp_4)
                                                   0.00      9.30 r
  data arrival time                                          9.30

  clock clk (rise edge)                           10.00     10.00
  clock network delay (ideal)                      0.00     10.00
  butterfly_0/Zib_F_reg[24]/CLK (sky130_fd_sc_hd__dfxtp_4)
                                                   0.00     10.00 r
  library setup time                              -0.07      9.93
  data required time                                         9.93
  ------------------------------------------------------------------------
  data required time                                         9.93
  data arrival time                                         -9.30
  ------------------------------------------------------------------------
  slack (MET)                                                0.62



  Startpoint: butterfly_0/Zib_F_reg[0] (rising edge-triggered flip-flop clocked by clk)
  Endpoint: butterfly_0/Yi_full_F_reg[28] (rising edge-triggered flip-flop clocked by clk)
  Mode: default
  Corner: default
  Scenario: default
  Path Group: clk
  Path Type: max

  Point                                            Incr      Path  
  ------------------------------------------------------------------------
  clock clk (rise edge)                            0.00      0.00
  clock network delay (ideal)                      0.00      0.00

  butterfly_0/Zib_F_reg[0]/CLK (sky130_fd_sc_hd__dfxtp_4)
                                                   0.00      0.00 r
  butterfly_0/Zib_F_reg[0]/Q (sky130_fd_sc_hd__dfxtp_4)
                                                   0.27      0.27 f
  ctmTdsLR_1_161/X (sky130_fd_sc_hd__and2_1)       0.13      0.40 f
  U375/COUT (sky130_fd_sc_hd__fa_1)                0.27      0.68 f
  U377/COUT (sky130_fd_sc_hd__fa_1)                0.30      0.98 f
  ctmTdsLR_1_220/X (sky130_fd_sc_hd__maj3_1)       0.27      1.25 f
  ctmTdsLR_1_275/X (sky130_fd_sc_hd__maj3_1)       0.28      1.53 f
  ctmTdsLR_1_321/X (sky130_fd_sc_hd__maj3_1)       0.28      1.80 f
  ctmTdsLR_1_399/X (sky130_fd_sc_hd__maj3_1)       0.28      2.08 f
  ctmTdsLR_1_90/X (sky130_fd_sc_hd__maj3_1)        0.28      2.37 f
  ctmTdsLR_1_190/X (sky130_fd_sc_hd__maj3_1)       0.25      2.62 f
  U395/COUT (sky130_fd_sc_hd__fa_1)                0.30      2.92 f
  ctmTdsLR_1_268/X (sky130_fd_sc_hd__maj3_1)       0.27      3.19 f
  ctmTdsLR_1_318/X (sky130_fd_sc_hd__maj3_1)       0.28      3.47 f
  ctmTdsLR_1_395/X (sky130_fd_sc_hd__maj3_1)       0.26      3.74 f
  U433/COUT (sky130_fd_sc_hd__fa_1)                0.29      4.03 f
  U365/SUM (sky130_fd_sc_hd__fa_1)                 0.43      4.45 r
  U475/Y (sky130_fd_sc_hd__inv_1)                  0.07      4.52 f
  U1352/COUT (sky130_fd_sc_hd__fa_1)               0.40      4.92 f
  U1226/COUT (sky130_fd_sc_hd__fa_1)               0.35      5.27 f
  U1351/COUT (sky130_fd_sc_hd__fa_1)               0.30      5.57 f
  U1227/COUT (sky130_fd_sc_hd__fa_1)               0.29      5.86 f
  U1357/COUT (sky130_fd_sc_hd__fa_1)               0.28      6.14 f
  U1230/COUT (sky130_fd_sc_hd__fa_1)               0.30      6.44 f
  U1369/COUT (sky130_fd_sc_hd__fa_1)               0.33      6.77 f
  U1229/COUT (sky130_fd_sc_hd__fa_1)               0.32      7.09 f
  U1367/COUT (sky130_fd_sc_hd__fa_1)               0.30      7.39 f
  U1228/COUT (sky130_fd_sc_hd__fa_1)               0.30      7.69 f
  U1365/COUT (sky130_fd_sc_hd__fa_1)               0.32      8.01 f
  U1361/COUT (sky130_fd_sc_hd__fa_1)               0.32      8.32 f
  U1364/COUT (sky130_fd_sc_hd__fa_1)               0.30      8.62 f
  U439/COUT (sky130_fd_sc_hd__fa_1)                0.28      8.91 f
  U1012/SUM (sky130_fd_sc_hd__fa_1)                0.36      9.27 r
  butterfly_0/Yi_full_F_reg[28]/D (sky130_fd_sc_hd__dfxtp_4)
                                                   0.00      9.27 r
  data arrival time                                          9.27

  clock clk (rise edge)                           10.00     10.00
  clock network delay (ideal)                      0.00     10.00
  butterfly_0/Yi_full_F_reg[28]/CLK (sky130_fd_sc_hd__dfxtp_4)
                                                   0.00     10.00 r
  library setup time                              -0.06      9.94
  data required time                                         9.94
  ------------------------------------------------------------------------
  data required time                                         9.94
  data arrival time                                         -9.27
  ------------------------------------------------------------------------
  slack (MET)                                                0.68


1
