****************************************
Report : power
        -significant_digits 2
Design : fft_top
Version: V-2023.12-SP5-2
Date   : Tue Jul 29 20:41:33 2025
****************************************
Information: Activity propagation will be performed for scenario default.
Information: Doing activity propagation for mode 'default' and corner 'default' with effort level 'medium'. (POW-024)
Information: Timer-derived activity data is cached on scenario default (POW-052)
Infomation: Fast mode activity propagation power.rtl_activity_annotation setup is ignored. Always use accurate mode.
Information: Running switching activity propagation in scalar mode!

 **** Information : No. of simulation cycles = 6 ****
Mode: default
Corner: default
Scenario: default
Voltage: 1.65
Temperature: 100.00

Voltage Unit         : 1V
Capacitance Unit     : 1pF
Time Unit            : 1ns
Temperature Unit     : 1C
Dynamic Power Unit   : 1nW
Leakage Power Unit   : 1nW

Switched supply net power scaling:
scaling for leakage power

Supply nets:
VDD (power) probability 1.00 (default)
VSS (ground) probability 1.00 (default)
Warning: Power table extrapolation (extrapolation mode) for port CLK on cell mem_32x16_0/mem_array_reg[15][31] for parameter Tinp. Lowest table value = 0.010000, highest table value = 1.500000, value = 0.000000 (POW-046)
Warning: Power table extrapolation (extrapolation mode) for port Q on cell mem_32x16_0/mem_array_reg[15][31] for parameter Tinp. Lowest table value = 0.010000, highest table value = 1.500000, value = 0.000000 (POW-046)
Warning: Power table extrapolation (extrapolation mode) for port CLK on cell mem_32x16_0/mem_array_reg[15][30] for parameter Tinp. Lowest table value = 0.010000, highest table value = 1.500000, value = 0.000000 (POW-046)
Warning: Power table extrapolation (extrapolation mode) for port Q on cell mem_32x16_0/mem_array_reg[15][30] for parameter Tinp. Lowest table value = 0.010000, highest table value = 1.500000, value = 0.000000 (POW-046)
Warning: Power table extrapolation (extrapolation mode) for port CLK on cell mem_32x16_0/mem_array_reg[15][29] for parameter Tinp. Lowest table value = 0.010000, highest table value = 1.500000, value = 0.000000 (POW-046)
Warning: Power table extrapolation (extrapolation mode) for port Q on cell mem_32x16_0/mem_array_reg[15][29] for parameter Tinp. Lowest table value = 0.010000, highest table value = 1.500000, value = 0.000000 (POW-046)
Warning: Power table extrapolation (extrapolation mode) for port CLK on cell mem_32x16_0/mem_array_reg[15][28] for parameter Tinp. Lowest table value = 0.010000, highest table value = 1.500000, value = 0.000000 (POW-046)
Warning: Power table extrapolation (extrapolation mode) for port Q on cell mem_32x16_0/mem_array_reg[15][28] for parameter Tinp. Lowest table value = 0.010000, highest table value = 1.500000, value = 0.000000 (POW-046)
Warning: Power table extrapolation (extrapolation mode) for port CLK on cell mem_32x16_0/mem_array_reg[15][27] for parameter Tinp. Lowest table value = 0.010000, highest table value = 1.500000, value = 0.000000 (POW-046)
Warning: Power table extrapolation (extrapolation mode) for port Q on cell mem_32x16_0/mem_array_reg[15][27] for parameter Tinp. Lowest table value = 0.010000, highest table value = 1.500000, value = 0.000000 (POW-046)
Note - message 'POW-046' limit (10) exceeded. Remainder will be suppressed.

  Cell Internal Power    = 3.28e+06 nW ( 92.7%)
  Net Switching Power    = 2.59e+05 nW (  7.3%)
Total Dynamic Power      = 3.54e+06 nW (100.0%)

Cell Leakage Power       = 3.55e+04 nW


  Attributes
  ----------
      u  -  User defined power group
      i  -  Includes clock pin internal power

Power Group         Internal Power        Switching Power          Leakage Power            Total Power    (   %  )    Attrs
-----------------------------------------------------------------------------------------------------------------------------
io_pad                    0.00e+00               0.00e+00               0.00e+00               0.00e+00    (  0.0%)         
memory                    0.00e+00               0.00e+00               0.00e+00               0.00e+00    (  0.0%)         
black_box                 0.00e+00               0.00e+00               0.00e+00               0.00e+00    (  0.0%)         
clock_network             3.14e+06               0.00e+00               0.00e+00               3.14e+06    ( 87.7%)        i
register                  5.45e+04               3.14e+04               1.79e+04               1.04e+05    (  2.9%)         
sequential                0.00e+00               0.00e+00               0.00e+00               0.00e+00    (  0.0%)         
combinational             9.01e+04               2.27e+05               1.77e+04               3.35e+05    (  9.4%)         
-----------------------------------------------------------------------------------------------------------------------------
Total                     3.28e+06 nW            2.59e+05 nW            3.55e+04 nW            3.58e+06 nW
1
