 
****************************************
Report : area
Design : fft_top
Version: V-2023.12
Date   : Tue Jul 22 15:28:47 2025
****************************************

Library(s) Used:

    sky130_fd_sc_hd__tt_025C_1v80 (File: /home/vlsi_lab/user10/Documents/steps/fft_core_16bit_vlsi_design/libs/sky130_fd_sc_hd/sky130_fd_sc_hd__tt_025C_1v80.db)

Number of ports:                          217
Number of nets:                          6693
Number of cells:                         6090
Number of combinational cells:           5116
Number of sequential cells:               973
Number of macros/black boxes:               0
Number of buf/inv:                        672
Number of references:                      59

Combinational area:              37191.919019
Buf/Inv area:                     2528.675121
Noncombinational area:           19486.188189
Macro/Black Box area:                0.000000
Net Interconnect area:      undefined  (No wire load specified)

Total cell area:                 56678.107208
Total area:                 undefined
1
