 
****************************************
Report : port
        -verbose
Design : fft_top
Version: V-2023.12
Date   : Tue Jul 22 09:48:46 2025
****************************************


                       Pin      Wire     Max     Max     Connection
Port           Dir     Load     Load     Trans   Cap     Class      Attrs
--------------------------------------------------------------------------------
clk            in      0.0000   0.0000   --      --      --         
in_imag[0]     in      0.0000   0.0000   --      --      --         
in_imag[1]     in      0.0000   0.0000   --      --      --         
in_imag[2]     in      0.0000   0.0000   --      --      --         
in_imag[3]     in      0.0000   0.0000   --      --      --         
in_imag[4]     in      0.0000   0.0000   --      --      --         
in_imag[5]     in      0.0000   0.0000   --      --      --         
in_imag[6]     in      0.0000   0.0000   --      --      --         
in_imag[7]     in      0.0000   0.0000   --      --      --         
in_imag[8]     in      0.0000   0.0000   --      --      --         
in_imag[9]     in      0.0000   0.0000   --      --      --         
in_imag[10]    in      0.0000   0.0000   --      --      --         
in_imag[11]    in      0.0000   0.0000   --      --      --         
in_imag[12]    in      0.0000   0.0000   --      --      --         
in_imag[13]    in      0.0000   0.0000   --      --      --         
in_imag[14]    in      0.0000   0.0000   --      --      --         
in_imag[15]    in      0.0000   0.0000   --      --      --         
in_push        in      0.0000   0.0000   --      --      --         
in_real[0]     in      0.0000   0.0000   --      --      --         
in_real[1]     in      0.0000   0.0000   --      --      --         
in_real[2]     in      0.0000   0.0000   --      --      --         
in_real[3]     in      0.0000   0.0000   --      --      --         
in_real[4]     in      0.0000   0.0000   --      --      --         
in_real[5]     in      0.0000   0.0000   --      --      --         
in_real[6]     in      0.0000   0.0000   --      --      --         
in_real[7]     in      0.0000   0.0000   --      --      --         
in_real[8]     in      0.0000   0.0000   --      --      --         
in_real[9]     in      0.0000   0.0000   --      --      --         
in_real[10]    in      0.0000   0.0000   --      --      --         
in_real[11]    in      0.0000   0.0000   --      --      --         
in_real[12]    in      0.0000   0.0000   --      --      --         
in_real[13]    in      0.0000   0.0000   --      --      --         
in_real[14]    in      0.0000   0.0000   --      --      --         
in_real[15]    in      0.0000   0.0000   --      --      --         
out_stall      in      0.0000   0.0000   --      --      --         
reset          in      0.0000   0.0000   --      --      --         
in_stall       out     0.0000   0.0000   --      --      --         
out_imag_F[0]  out     0.0000   0.0000   --      --      --         
out_imag_F[1]  out     0.0000   0.0000   --      --      --         
out_imag_F[2]  out     0.0000   0.0000   --      --      --         
out_imag_F[3]  out     0.0000   0.0000   --      --      --         
out_imag_F[4]  out     0.0000   0.0000   --      --      --         
out_imag_F[5]  out     0.0000   0.0000   --      --      --         
out_imag_F[6]  out     0.0000   0.0000   --      --      --         
out_imag_F[7]  out     0.0000   0.0000   --      --      --         
out_imag_F[8]  out     0.0000   0.0000   --      --      --         
out_imag_F[9]  out     0.0000   0.0000   --      --      --         
out_imag_F[10] out     0.0000   0.0000   --      --      --         
out_imag_F[11] out     0.0000   0.0000   --      --      --         
out_imag_F[12] out     0.0000   0.0000   --      --      --         
out_imag_F[13] out     0.0000   0.0000   --      --      --         
out_imag_F[14] out     0.0000   0.0000   --      --      --         
out_imag_F[15] out     0.0000   0.0000   --      --      --         
out_push_F     out     0.0000   0.0000   --      --      --         
out_real_F[0]  out     0.0000   0.0000   --      --      --         
out_real_F[1]  out     0.0000   0.0000   --      --      --         
out_real_F[2]  out     0.0000   0.0000   --      --      --         
out_real_F[3]  out     0.0000   0.0000   --      --      --         
out_real_F[4]  out     0.0000   0.0000   --      --      --         
out_real_F[5]  out     0.0000   0.0000   --      --      --         
out_real_F[6]  out     0.0000   0.0000   --      --      --         
out_real_F[7]  out     0.0000   0.0000   --      --      --         
out_real_F[8]  out     0.0000   0.0000   --      --      --         
out_real_F[9]  out     0.0000   0.0000   --      --      --         
out_real_F[10] out     0.0000   0.0000   --      --      --         
out_real_F[11] out     0.0000   0.0000   --      --      --         
out_real_F[12] out     0.0000   0.0000   --      --      --         
out_real_F[13] out     0.0000   0.0000   --      --      --         
out_real_F[14] out     0.0000   0.0000   --      --      --         
out_real_F[15] out     0.0000   0.0000   --      --      --         


              External  Max             Min                Min       Min
              Number    Wireload        Wireload           Pin       Wire
Port          Points    Model           Model              Load      Load
--------------------------------------------------------------------------------
clk                1      --              --              --        -- 
in_imag[0]         1      --              --              --        -- 
in_imag[1]         1      --              --              --        -- 
in_imag[2]         1      --              --              --        -- 
in_imag[3]         1      --              --              --        -- 
in_imag[4]         1      --              --              --        -- 
in_imag[5]         1      --              --              --        -- 
in_imag[6]         1      --              --              --        -- 
in_imag[7]         1      --              --              --        -- 
in_imag[8]         1      --              --              --        -- 
in_imag[9]         1      --              --              --        -- 
in_imag[10]        1      --              --              --        -- 
in_imag[11]        1      --              --              --        -- 
in_imag[12]        1      --              --              --        -- 
in_imag[13]        1      --              --              --        -- 
in_imag[14]        1      --              --              --        -- 
in_imag[15]        1      --              --              --        -- 
in_push            1      --              --              --        -- 
in_real[0]         1      --              --              --        -- 
in_real[1]         1      --              --              --        -- 
in_real[2]         1      --              --              --        -- 
in_real[3]         1      --              --              --        -- 
in_real[4]         1      --              --              --        -- 
in_real[5]         1      --              --              --        -- 
in_real[6]         1      --              --              --        -- 
in_real[7]         1      --              --              --        -- 
in_real[8]         1      --              --              --        -- 
in_real[9]         1      --              --              --        -- 
in_real[10]        1      --              --              --        -- 
in_real[11]        1      --              --              --        -- 
in_real[12]        1      --              --              --        -- 
in_real[13]        1      --              --              --        -- 
in_real[14]        1      --              --              --        -- 
in_real[15]        1      --              --              --        -- 
out_stall          1      --              --              --        -- 
reset              1      --              --              --        -- 
in_stall           1      --              --              --        -- 
out_imag_F[0]      1      --              --              --        -- 
out_imag_F[1]      1      --              --              --        -- 
out_imag_F[2]      1      --              --              --        -- 
out_imag_F[3]      1      --              --              --        -- 
out_imag_F[4]      1      --              --              --        -- 
out_imag_F[5]      1      --              --              --        -- 
out_imag_F[6]      1      --              --              --        -- 
out_imag_F[7]      1      --              --              --        -- 
out_imag_F[8]      1      --              --              --        -- 
out_imag_F[9]      1      --              --              --        -- 
out_imag_F[10]
                   1      --              --              --        -- 
out_imag_F[11]
                   1      --              --              --        -- 
out_imag_F[12]
                   1      --              --              --        -- 
out_imag_F[13]
                   1      --              --              --        -- 
out_imag_F[14]
                   1      --              --              --        -- 
out_imag_F[15]
                   1      --              --              --        -- 
out_push_F         1      --              --              --        -- 
out_real_F[0]      1      --              --              --        -- 
out_real_F[1]      1      --              --              --        -- 
out_real_F[2]      1      --              --              --        -- 
out_real_F[3]      1      --              --              --        -- 
out_real_F[4]      1      --              --              --        -- 
out_real_F[5]      1      --              --              --        -- 
out_real_F[6]      1      --              --              --        -- 
out_real_F[7]      1      --              --              --        -- 
out_real_F[8]      1      --              --              --        -- 
out_real_F[9]      1      --              --              --        -- 
out_real_F[10]
                   1      --              --              --        -- 
out_real_F[11]
                   1      --              --              --        -- 
out_real_F[12]
                   1      --              --              --        -- 
out_real_F[13]
                   1      --              --              --        -- 
out_real_F[14]
                   1      --              --              --        -- 
out_real_F[15]
                   1      --              --              --        -- 

                    Input Delay
                  Min             Max       Related   Max
Input Port    Rise    Fall    Rise    Fall   Clock  Fanout
--------------------------------------------------------------------------------
clk           --      --      --      --      --      -- 
in_imag[0]    0.10    0.10    2.00    2.00    --      --    
in_imag[1]    0.10    0.10    2.00    2.00    --      --    
in_imag[2]    0.10    0.10    2.00    2.00    --      --    
in_imag[3]    0.10    0.10    2.00    2.00    --      --    
in_imag[4]    0.10    0.10    2.00    2.00    --      --    
in_imag[5]    0.10    0.10    2.00    2.00    --      --    
in_imag[6]    0.10    0.10    2.00    2.00    --      --    
in_imag[7]    0.10    0.10    2.00    2.00    --      --    
in_imag[8]    0.10    0.10    2.00    2.00    --      --    
in_imag[9]    0.10    0.10    2.00    2.00    --      --    
in_imag[10]   0.10    0.10    2.00    2.00    --      --    
in_imag[11]   0.10    0.10    2.00    2.00    --      --    
in_imag[12]   0.10    0.10    2.00    2.00    --      --    
in_imag[13]   0.10    0.10    2.00    2.00    --      --    
in_imag[14]   0.10    0.10    2.00    2.00    --      --    
in_imag[15]   0.10    0.10    2.00    2.00    --      --    
in_push       --      --      --      --      --      -- 
in_real[0]    0.10    0.10    2.00    2.00    --      --    
in_real[1]    0.10    0.10    2.00    2.00    --      --    
in_real[2]    0.10    0.10    2.00    2.00    --      --    
in_real[3]    0.10    0.10    2.00    2.00    --      --    
in_real[4]    0.10    0.10    2.00    2.00    --      --    
in_real[5]    0.10    0.10    2.00    2.00    --      --    
in_real[6]    0.10    0.10    2.00    2.00    --      --    
in_real[7]    0.10    0.10    2.00    2.00    --      --    
in_real[8]    0.10    0.10    2.00    2.00    --      --    
in_real[9]    0.10    0.10    2.00    2.00    --      --    
in_real[10]   0.10    0.10    2.00    2.00    --      --    
in_real[11]   0.10    0.10    2.00    2.00    --      --    
in_real[12]   0.10    0.10    2.00    2.00    --      --    
in_real[13]   0.10    0.10    2.00    2.00    --      --    
in_real[14]   0.10    0.10    2.00    2.00    --      --    
in_real[15]   0.10    0.10    2.00    2.00    --      --    
out_stall     --      --      --      --      --      -- 
reset         --      --      --      --      --      -- 


               Max Drive      Min Drive      Resistance    Min    Min       Cell
Input Port    Rise    Fall   Rise    Fall   Max     Min    Cap    Fanout    Deg
--------------------------------------------------------------------------------
clk           --      --     --      --     --      --     --     --        -- 
in_imag[0]    --      --     --      --     --      --     --     --        -- 
in_imag[1]    --      --     --      --     --      --     --     --        -- 
in_imag[2]    --      --     --      --     --      --     --     --        -- 
in_imag[3]    --      --     --      --     --      --     --     --        -- 
in_imag[4]    --      --     --      --     --      --     --     --        -- 
in_imag[5]    --      --     --      --     --      --     --     --        -- 
in_imag[6]    --      --     --      --     --      --     --     --        -- 
in_imag[7]    --      --     --      --     --      --     --     --        -- 
in_imag[8]    --      --     --      --     --      --     --     --        -- 
in_imag[9]    --      --     --      --     --      --     --     --        -- 
in_imag[10]   --      --     --      --     --      --     --     --        -- 
in_imag[11]   --      --     --      --     --      --     --     --        -- 
in_imag[12]   --      --     --      --     --      --     --     --        -- 
in_imag[13]   --      --     --      --     --      --     --     --        -- 
in_imag[14]   --      --     --      --     --      --     --     --        -- 
in_imag[15]   --      --     --      --     --      --     --     --        -- 
in_push       --      --     --      --     --      --     --     --        -- 
in_real[0]    --      --     --      --     --      --     --     --        -- 
in_real[1]    --      --     --      --     --      --     --     --        -- 
in_real[2]    --      --     --      --     --      --     --     --        -- 
in_real[3]    --      --     --      --     --      --     --     --        -- 
in_real[4]    --      --     --      --     --      --     --     --        -- 
in_real[5]    --      --     --      --     --      --     --     --        -- 
in_real[6]    --      --     --      --     --      --     --     --        -- 
in_real[7]    --      --     --      --     --      --     --     --        -- 
in_real[8]    --      --     --      --     --      --     --     --        -- 
in_real[9]    --      --     --      --     --      --     --     --        -- 
in_real[10]   --      --     --      --     --      --     --     --        -- 
in_real[11]   --      --     --      --     --      --     --     --        -- 
in_real[12]   --      --     --      --     --      --     --     --        -- 
in_real[13]   --      --     --      --     --      --     --     --        -- 
in_real[14]   --      --     --      --     --      --     --     --        -- 
in_real[15]   --      --     --      --     --      --     --     --        -- 
out_stall     --      --     --      --     --      --     --     --        -- 
reset         --      --     --      --     --      --     --     --        -- 


               Max Tran        Min Tran
Input Port    Rise    Fall    Rise    Fall
--------------------------------------------------------------------------------
clk           --      --      --      -- 
in_imag[0]    --      --      --      -- 
in_imag[1]    --      --      --      -- 
in_imag[2]    --      --      --      -- 
in_imag[3]    --      --      --      -- 
in_imag[4]    --      --      --      -- 
in_imag[5]    --      --      --      -- 
in_imag[6]    --      --      --      -- 
in_imag[7]    --      --      --      -- 
in_imag[8]    --      --      --      -- 
in_imag[9]    --      --      --      -- 
in_imag[10]   --      --      --      -- 
in_imag[11]   --      --      --      -- 
in_imag[12]   --      --      --      -- 
in_imag[13]   --      --      --      -- 
in_imag[14]   --      --      --      -- 
in_imag[15]   --      --      --      -- 
in_push       --      --      --      -- 
in_real[0]    --      --      --      -- 
in_real[1]    --      --      --      -- 
in_real[2]    --      --      --      -- 
in_real[3]    --      --      --      -- 
in_real[4]    --      --      --      -- 
in_real[5]    --      --      --      -- 
in_real[6]    --      --      --      -- 
in_real[7]    --      --      --      -- 
in_real[8]    --      --      --      -- 
in_real[9]    --      --      --      -- 
in_real[10]   --      --      --      -- 
in_real[11]   --      --      --      -- 
in_real[12]   --      --      --      -- 
in_real[13]   --      --      --      -- 
in_real[14]   --      --      --      -- 
in_real[15]   --      --      --      -- 
out_stall     --      --      --      -- 
reset         --      --      --      -- 


                    Output Delay
                  Min             Max      Related  Fanout
Output Port   Rise    Fall    Rise    Fall  Clock     Load
--------------------------------------------------------------------------------
in_stall      --      --      --      --      --      0.00
out_imag_F[0]
              0.10    0.10    2.00    2.00    --      0.00  
out_imag_F[1]
              0.10    0.10    2.00    2.00    --      0.00  
out_imag_F[2]
              0.10    0.10    2.00    2.00    --      0.00  
out_imag_F[3]
              0.10    0.10    2.00    2.00    --      0.00  
out_imag_F[4]
              0.10    0.10    2.00    2.00    --      0.00  
out_imag_F[5]
              0.10    0.10    2.00    2.00    --      0.00  
out_imag_F[6]
              0.10    0.10    2.00    2.00    --      0.00  
out_imag_F[7]
              0.10    0.10    2.00    2.00    --      0.00  
out_imag_F[8]
              0.10    0.10    2.00    2.00    --      0.00  
out_imag_F[9]
              0.10    0.10    2.00    2.00    --      0.00  
out_imag_F[10]
              0.10    0.10    2.00    2.00    --      0.00  
out_imag_F[11]
              0.10    0.10    2.00    2.00    --      0.00  
out_imag_F[12]
              0.10    0.10    2.00    2.00    --      0.00  
out_imag_F[13]
              0.10    0.10    2.00    2.00    --      0.00  
out_imag_F[14]
              0.10    0.10    2.00    2.00    --      0.00  
out_imag_F[15]
              0.10    0.10    2.00    2.00    --      0.00  
out_push_F    --      --      --      --      --      0.00
out_real_F[0]
              0.10    0.10    2.00    2.00    --      0.00  
out_real_F[1]
              0.10    0.10    2.00    2.00    --      0.00  
out_real_F[2]
              0.10    0.10    2.00    2.00    --      0.00  
out_real_F[3]
              0.10    0.10    2.00    2.00    --      0.00  
out_real_F[4]
              0.10    0.10    2.00    2.00    --      0.00  
out_real_F[5]
              0.10    0.10    2.00    2.00    --      0.00  
out_real_F[6]
              0.10    0.10    2.00    2.00    --      0.00  
out_real_F[7]
              0.10    0.10    2.00    2.00    --      0.00  
out_real_F[8]
              0.10    0.10    2.00    2.00    --      0.00  
out_real_F[9]
              0.10    0.10    2.00    2.00    --      0.00  
out_real_F[10]
              0.10    0.10    2.00    2.00    --      0.00  
out_real_F[11]
              0.10    0.10    2.00    2.00    --      0.00  
out_real_F[12]
              0.10    0.10    2.00    2.00    --      0.00  
out_real_F[13]
              0.10    0.10    2.00    2.00    --      0.00  
out_real_F[14]
              0.10    0.10    2.00    2.00    --      0.00  
out_real_F[15]
              0.10    0.10    2.00    2.00    --      0.00  

1
