 
****************************************
Report : power
        -analysis_effort low
Design : fft_top
Version: V-2023.12
Date   : Wed Jul  9 01:09:48 2025
****************************************


Library(s) Used:

    sky130_fd_sc_hd__tt_025C_1v80 (File: /home/vlsi_lab/user10/Documents/mp_e19276/fft_core_16bit_vlsi_design/libs/sky130_fd_sc_hd/sky130_fd_sc_hd__tt_025C_1v80.db)


Operating Conditions: tt_025C_1v80   Library: sky130_fd_sc_hd__tt_025C_1v80
Wire Load Model Mode: top


Global Operating Voltage = 1.8  
Power-specific unit information :
    Voltage Units = 1V
    Capacitance Units = 1.000000pf
    Time Units = 1ns
    Dynamic Power Units = 1mW    (derived from V,C,T units)
    Leakage Power Units = 1nW


Attributes
----------
i - Including register clock pin internal power


  Cell Internal Power  =   4.2252 mW   (96%)
  Net Switching Power  = 162.8029 uW    (4%)
                         ---------
Total Dynamic Power    =   4.3880 mW  (100%)

Cell Leakage Power     =  19.7387 nW


                 Internal         Switching           Leakage            Total
Power Group      Power            Power               Power              Power   (   %    )  Attrs
--------------------------------------------------------------------------------------------------
io_pad             0.0000            0.0000            0.0000            0.0000  (   0.00%)
memory             0.0000            0.0000            0.0000            0.0000  (   0.00%)
black_box          0.0000            0.0000            0.0000            0.0000  (   0.00%)
clock_network      4.0919            0.0000            0.0000            4.0919  (  93.25%)  i
register       3.7560e-02        2.3928e-02            8.3843        6.1497e-02  (   1.40%)
sequential         0.0000            0.0000            0.0000            0.0000  (   0.00%)
combinational  9.5697e-02            0.1389           11.3544            0.2346  (   5.35%)
--------------------------------------------------------------------------------------------------
Total              4.2252 mW         0.1628 mW        19.7387 nW         4.3880 mW
1
