 
****************************************
Report : power
        -analysis_effort low
Design : fft_top
Version: V-2023.12
Date   : Tue Jul 22 15:28:47 2025
****************************************


Library(s) Used:

    sky130_fd_sc_hd__tt_025C_1v80 (File: /home/vlsi_lab/user10/Documents/steps/fft_core_16bit_vlsi_design/libs/sky130_fd_sc_hd/sky130_fd_sc_hd__tt_025C_1v80.db)


Operating Conditions: tt_025C_1v80   Library: sky130_fd_sc_hd__tt_025C_1v80
Wire Load Model Mode: top


Global Operating Voltage = 1.8  
Power-specific unit information :
    Voltage Units = 1V
    Capacitance Units = 1.000000pf
    Time Units = 1ns
    Dynamic Power Units = 1mW    (derived from V,C,T units)
    Leakage Power Units = 1nW


Attributes
----------
i - Including register clock pin internal power


  Cell Internal Power  =   4.0264 mW   (96%)
  Net Switching Power  = 183.0927 uW    (4%)
                         ---------
Total Dynamic Power    =   4.2095 mW  (100%)

Cell Leakage Power     =  20.2049 nW


                 Internal         Switching           Leakage            Total
Power Group      Power            Power               Power              Power   (   %    )  Attrs
--------------------------------------------------------------------------------------------------
io_pad             0.0000            0.0000            0.0000            0.0000  (   0.00%)
memory             0.0000            0.0000            0.0000            0.0000  (   0.00%)
black_box          0.0000            0.0000            0.0000            0.0000  (   0.00%)
clock_network      3.8757            0.0000            0.0000            3.8757  (  92.07%)  i
register       4.3950e-02        2.3921e-02            8.1173        6.7888e-02  (   1.61%)
sequential         0.0000            0.0000            0.0000            0.0000  (   0.00%)
combinational      0.1068            0.1592           12.0875            0.2660  (   6.32%)
--------------------------------------------------------------------------------------------------
Total              4.0264 mW         0.1831 mW        20.2049 nW         4.2095 mW
1
