Information: Updating design information... (UID-85)
Warning: Design 'fft_top' contains 1 high-fanout nets. A fanout number of 1000 will be used for delay calculations involving these nets. (TIM-134)
 
****************************************
Report : timing
        -path full
        -delay max
        -max_paths 1
Design : fft_top
Version: V-2023.12
Date   : Sat Jul  5 00:04:18 2025
****************************************

 # A fanout number of 1000 was used for high fanout net computations.

Operating Conditions: tt_025C_1v80   Library: sky130_fd_sc_hd__tt_025C_1v80
Wire Load Model Mode: top

  Startpoint: out_real_F_reg[15]
              (rising edge-triggered flip-flop clocked by MYCLK)
  Endpoint: out_real_F[15]
            (output port)
  Path Group: (none)
  Path Type: max

  Point                                                   Incr       Path
  --------------------------------------------------------------------------
  out_real_F_reg[15]/CLK (sky130_fd_sc_hd__dfxtp_1)       0.00 #     0.00 r
  out_real_F_reg[15]/Q (sky130_fd_sc_hd__dfxtp_1)         0.26       0.26 r
  out_real_F[15] (out)                                    0.00       0.26 r
  data arrival time                                                  0.26
  --------------------------------------------------------------------------
  (Path is unconstrained)


1
