# Preference setting overrides
gui_create_pref_key -category {Globals} -key {load_detail_for_funcov} -value_type {bool} -value {false}

# State setting overrides
gui_state_default_create -off -ini
gui_set_state_value -category Layout -key child_console_size_x -value 1852
gui_set_state_value -category Layout -key child_console_size_y -value 171
gui_set_state_value -category Layout -key child_data_size_x -value 166
gui_set_state_value -category Layout -key child_data_size_y -value 667
gui_set_state_value -category Layout -key child_hier_col3 -value {-1}
gui_set_state_value -category Layout -key child_hier_colpd -value 0
gui_set_state_value -category Layout -key child_hier_size_x -value 166
gui_set_state_value -category Layout -key child_hier_size_y -value 667
gui_set_state_value -category Layout -key child_source_docknewline -value false
gui_set_state_value -category Layout -key child_source_pos_x -value {-2}
gui_set_state_value -category Layout -key child_source_pos_y -value {-17}
gui_set_state_value -category Layout -key child_source_size_x -value 1523
gui_set_state_value -category Layout -key child_source_size_y -value 663
gui_set_state_value -category Layout -key child_wave_colname -value 149
gui_set_state_value -category Layout -key child_wave_colvalue -value 109
gui_set_state_value -category Layout -key child_wave_left -value 262
gui_set_state_value -category Layout -key child_wave_right -value 1586
gui_set_state_value -category Layout -key main_pos_x -value 14
gui_set_state_value -category Layout -key main_pos_y -value 49
gui_set_state_value -category Layout -key main_size_x -value 1866
gui_set_state_value -category Layout -key main_size_y -value 1001
gui_set_state_value -category Layout -key stand_wave_child_docknewline -value false
gui_set_state_value -category Layout -key stand_wave_child_pos_x -value {-2}
gui_set_state_value -category Layout -key stand_wave_child_pos_y -value {-17}
gui_set_state_value -category Layout -key stand_wave_child_size_x -value 1858
gui_set_state_value -category Layout -key stand_wave_child_size_y -value 892
gui_set_state_value -category Layout -key stand_wave_top_pos_x -value 0
gui_set_state_value -category Layout -key stand_wave_top_pos_y -value 37
gui_set_state_value -category Layout -key stand_wave_top_size_x -value 1853
gui_set_state_value -category Layout -key stand_wave_top_size_y -value 1047
gui_create_state_key -category FindDialog -key m_pMatchCase -value_type bool -value false
gui_create_state_key -category FindDialog -key m_pMatchWord -value_type bool -value false
gui_create_state_key -category FindDialog -key m_pUseCombo -value_type string -value {}
gui_create_state_key -category FindDialog -key m_pWrapAround -value_type bool -value true
gui_state_default_create -off

# Begin command logging
gui_sim_run Ucli -exe ./fft_simv -args {-ucligui  -a simulate.log} -dir .
